Modules linked:
   'MK2_StableStephane' from 'MK2_StableStephane.obj'
   'uint2fs' from 'C:\CrossIDE\Call51\Bin\..\lib\small\libfloat.lib'
   'fs2sint' from 'C:\CrossIDE\Call51\Bin\..\lib\small\libfloat.lib'
   'divuint' from 'C:\CrossIDE\Call51\Bin\..\lib\small\libint.lib'
   'fsmul' from 'C:\CrossIDE\Call51\Bin\..\lib\small\libfloat.lib'
   'mulint' from 'C:\CrossIDE\Call51\Bin\..\lib\small\libint.lib'
   'fsadd' from 'C:\CrossIDE\Call51\Bin\..\lib\small\libfloat.lib'
   'vprintf' from 'C:\CrossIDE\Call51\Bin\..\lib\small\libc51.lib'
   'divsint' from 'C:\CrossIDE\Call51\Bin\..\lib\small\libint.lib'
   'crt0' from 'C:\CrossIDE\Call51\Bin\..\lib\small\libc51.lib'
   'sint2fs' from 'C:\CrossIDE\Call51\Bin\..\lib\small\libfloat.lib'
   'fsdiv' from 'C:\CrossIDE\Call51\Bin\..\lib\small\libfloat.lib'
   'fs2uchar' from 'C:\CrossIDE\Call51\Bin\..\lib\small\libfloat.lib'
   'ulong2fs' from 'C:\CrossIDE\Call51\Bin\..\lib\small\libfloat.lib'
   'fs2slong' from 'C:\CrossIDE\Call51\Bin\..\lib\small\libfloat.lib'
   'fsreturnval' from 'C:\CrossIDE\Call51\Bin\..\lib\small\libfloat.lib'
   'fsnormalize' from 'C:\CrossIDE\Call51\Bin\..\lib\small\libfloat.lib'
   'fsget2args' from 'C:\CrossIDE\Call51\Bin\..\lib\small\libfloat.lib'
   'fsswapargs' from 'C:\CrossIDE\Call51\Bin\..\lib\small\libfloat.lib'
   'fsrshift' from 'C:\CrossIDE\Call51\Bin\..\lib\small\libfloat.lib'
   'print_format' from 'C:\CrossIDE\Call51\Bin\..\lib\small\libc51.lib'
   'bp' from 'C:\CrossIDE\Call51\Bin\..\lib\small\libc51.lib'
   'putchar' from 'C:\CrossIDE\Call51\Bin\..\lib\small\libc51.lib'
   'slong2fs' from 'C:\CrossIDE\Call51\Bin\..\lib\small\libfloat.lib'
   'fs2ulong' from 'C:\CrossIDE\Call51\Bin\..\lib\small\libfloat.lib'
   'fsget1arg' from 'C:\CrossIDE\Call51\Bin\..\lib\small\libfloat.lib'
   'gptrget' from 'C:\CrossIDE\Call51\Bin\..\lib\small\libc51.lib'
   'gptrput' from 'C:\CrossIDE\Call51\Bin\..\lib\small\libc51.lib'
   'strlen' from 'C:\CrossIDE\Call51\Bin\..\lib\small\libc51.lib'

Memory use per module linked:
 MK2_StableStephane: C:03653 D:062 I:000 B:003 X:00000
            uint2fs: C:00012 D:000 I:000 B:000 X:00000
            fs2sint: C:00052 D:000 I:000 B:000 X:00000
            divuint: C:00041 D:002 I:000 B:000 X:00000
              fsmul: C:00163 D:000 I:000 B:000 X:00000
             mulint: C:00029 D:002 I:000 B:000 X:00000
              fsadd: C:00089 D:000 I:000 B:000 X:00000
            vprintf: C:00054 D:001 I:000 B:000 X:00000
            divsint: C:00056 D:000 I:000 B:000 X:00000
               crt0: C:00113 D:000 I:000 B:000 X:00000
            sint2fs: C:00013 D:000 I:000 B:000 X:00000
              fsdiv: C:00287 D:004 I:000 B:000 X:00000
           fs2uchar: C:00008 D:000 I:000 B:000 X:00000
           ulong2fs: C:00019 D:000 I:000 B:000 X:00000
           fs2slong: C:00091 D:000 I:000 B:000 X:00000
        fsreturnval: C:00079 D:000 I:000 B:000 X:00000
        fsnormalize: C:00051 D:000 I:000 B:000 X:00000
         fsget2args: C:00046 D:000 I:000 B:000 X:00000
         fsswapargs: C:00026 D:000 I:000 B:000 X:00000
           fsrshift: C:00067 D:000 I:000 B:000 X:00000
       print_format: C:01579 D:021 I:006 B:014 X:00000
                 bp: C:00000 D:001 I:000 B:000 X:00000
            putchar: C:00021 D:000 I:000 B:000 X:00000
           slong2fs: C:00045 D:000 I:000 B:000 X:00000
           fs2ulong: C:00039 D:000 I:000 B:000 X:00000
          fsget1arg: C:00018 D:000 I:000 B:000 X:00000
            gptrget: C:00028 D:000 I:000 B:000 X:00000
            gptrput: C:00025 D:001 I:000 B:000 X:00000
             strlen: C:00040 D:000 I:000 B:000 X:00000
           ABSOLUTE: C:00007 D:000 I:000 B:000 X:00000
------------------------------------------------------
             Totals: C:06751 D:094 I:006 B:017 X:00000

INTERMAL RAM map (see legend below):
00: 0 0 0 0 0 0 0 0 a c d d d d d d 
10: d d d d d d d d d d d d d d d . 
20: K B B B b b b b b b b b b b b b 
30: b b b b b b b b b b b b b b b b 
40: b b b b b b b b b b b b b b b b 
50: b b b b b b b b b b b b b b b b 
60: e e e e f f f f f f . . . . . . 
70: . . . . . . . . . . . . . . . . 
80: . . . . . . . . . . . . . . . . 
90: . . . . . . . . . . . . . . . . 
A0: . . . . . . . . . . . . . . . . 
B0: . . . . . . . . . . . . . . . . 
C0: . . . . . . . . . . . . . . . . 
D0: . . . . . . . . . . . . . . . . 
E0: . . . . . . . . . . . . . . . . 
F0: . . . . . . . . . . . . . . . . 

Legend:
	0: Register bank 0
	1: Register bank 1
	2: Register bank 2
	3: Register bank 3
	B: bits (see 'BIT map' below)
	K: BIT_BANK
	a: bp:R_DSEG
	b: MK2_StableStephane:R_DSEG
	c: vprintf:R_DSEG
	d: ?lib?dseg?1
	e: R_OSEG
	f: R_ISEG

BIT map:
00: U U U U U U U U U U U U U U U U 
10: U U U U U U U U U . . . . . . . 
20: . . . . . . . . . . . . . . . . 
30: . . . . . . . . . . . . . . . . 
40: . . . . . . . . . . . . . . . . 
50: . . . . . . . . . . . . . . . . 
60: . . . . . . . . . . . . . . . . 
70: . . . . . . . . . . . . . . . . 

CODE usage map:
0000: 216 256 256 256 256 256 256 256 256 256 256 256 256 256 256 256 
1000: 256 256 256 256 256 256 256 256 256 256 135 000 000 000 000 000 
2000: 000 000 000 000 000 000 000 000 000 000 000 000 000 000 000 000 
3000: 000 000 000 000 000 000 000 000 000 000 000 000 000 000 000 000 
4000: 000 000 000 000 000 000 000 000 000 000 000 000 000 000 000 000 
5000: 000 000 000 000 000 000 000 000 000 000 000 000 000 000 000 000 
6000: 000 000 000 000 000 000 000 000 000 000 000 000 000 000 000 000 
7000: 000 000 000 000 000 000 000 000 000 000 000 000 000 000 000 000 
8000: 000 000 000 000 000 000 000 000 000 000 000 000 000 000 000 000 
9000: 000 000 000 000 000 000 000 000 000 000 000 000 000 000 000 000 
A000: 000 000 000 000 000 000 000 000 000 000 000 000 000 000 000 000 
B000: 000 000 000 000 000 000 000 000 000 000 000 000 000 000 000 000 
C000: 000 000 000 000 000 000 000 000 000 000 000 000 000 000 000 000 
D000: 000 000 000 000 000 000 000 000 000 000 000 000 000 000 000 000 
E000: 000 000 000 000 000 000 000 000 000 000 000 000 000 000 000 000 
F000: 000 000 000 000 000 000 000 000 000 000 000 000 000 000 000 000 
Total: 6751 bytes

XDATA usage map:
0000: 000 000 000 000 000 000 000 000 000 000 000 000 000 000 000 000 
1000: 000 000 000 000 000 000 000 000 000 000 000 000 000 000 000 000 
2000: 000 000 000 000 000 000 000 000 000 000 000 000 000 000 000 000 
3000: 000 000 000 000 000 000 000 000 000 000 000 000 000 000 000 000 
4000: 000 000 000 000 000 000 000 000 000 000 000 000 000 000 000 000 
5000: 000 000 000 000 000 000 000 000 000 000 000 000 000 000 000 000 
6000: 000 000 000 000 000 000 000 000 000 000 000 000 000 000 000 000 
7000: 000 000 000 000 000 000 000 000 000 000 000 000 000 000 000 000 
8000: 000 000 000 000 000 000 000 000 000 000 000 000 000 000 000 000 
9000: 000 000 000 000 000 000 000 000 000 000 000 000 000 000 000 000 
A000: 000 000 000 000 000 000 000 000 000 000 000 000 000 000 000 000 
B000: 000 000 000 000 000 000 000 000 000 000 000 000 000 000 000 000 
C000: 000 000 000 000 000 000 000 000 000 000 000 000 000 000 000 000 
D000: 000 000 000 000 000 000 000 000 000 000 000 000 000 000 000 000 
E000: 000 000 000 000 000 000 000 000 000 000 000 000 000 000 000 000 
F000: 000 000 000 000 000 000 000 000 000 000 000 000 000 000 000 000 
Total: 0 bytes

Base Segments:
   ?lib?dseg?1=D:000A, size=0015
   BIT_BANK=D:0020, size=0001
   R_BSEG=B:0008, size=0011
   R_CONST=C:009F, size=00C7
   R_CSEG=C:01CC, size=18BB
   R_DINIT=C:0166, size=0065
   R_DSEG=D:0000, size=003E
   R_GSINIT=C:002E, size=0071
   R_HOME=C:0000, size=0000
   R_ISEG=I:0064, size=0006
   R_IXSEG=X:0000, size=0000
   R_OSEG=D:0060, size=0004
   R_PSEG=X:0000, size=0000
   R_XINIT=C:0000, size=0000
   R_XSEG=X:0000, size=0000
   rbank0=D:0000, size=0008

Module Segments:
   CSEG=C:0000, size=0007
   MK2_StableStephane:BIT_BANK=D:0020, size=0001
   MK2_StableStephane:R_BSEG=B:0008, size=0003
   MK2_StableStephane:R_CONST=C:009F, size=00BC
   MK2_StableStephane:R_CSEG=C:01CC, size=0D24
   MK2_StableStephane:R_DINIT=C:0166, size=0065
   MK2_StableStephane:R_DSEG=D:0024, size=003C
   MK2_StableStephane:R_OSEG=D:0060, size=0001
   bp:R_DSEG=D:0008, size=0001
   crt0:R_GSINIT=C:002E, size=0071
   divsint:R_CSEG=C:10A8, size=0038
   divuint:R_CSEG=C:0F30, size=0029
   divuint:R_OSEG=D:0060, size=0002
   fs2sint:R_CSEG=C:0EFC, size=0034
   fs2slong:R_CSEG=C:1227, size=005B
   fs2uchar:R_CSEG=C:120C, size=0008
   fs2ulong:R_CSEG=C:19F1, size=0027
   fsadd:R_CSEG=C:1019, size=0059
   fsdiv:R_CSEG=C:10ED, size=011F
   fsdiv:R_OSEG=D:0060, size=0004
   fsget1arg:R_CSEG=C:1A18, size=0012
   fsget2args:R_CSEG=C:1304, size=002E
   fsmul:R_CSEG=C:0F59, size=00A3
   fsnormalize:R_CSEG=C:12D1, size=0033
   fsreturnval:R_CSEG=C:1282, size=004F
   fsrshift:R_CSEG=C:134C, size=0043
   fsswapargs:R_CSEG=C:1332, size=001A
   gptrget:R_CSEG=C:1A2A, size=001C
   gptrput:R_CSEG=C:1A46, size=0019
   gptrput:R_OSEG=D:0060, size=0001
   mulint:R_CSEG=C:0FFC, size=001D
   mulint:R_OSEG=D:0060, size=0002
   print_format:?lib?dseg?1=D:000A, size=0015
   print_format:R_BSEG=B:000B, size=000E
   print_format:R_CONST=C:015B, size=000B
   print_format:R_CSEG=C:138F, size=0620
   print_format:R_ISEG=I:0064, size=0006
   putchar:R_CSEG=C:19AF, size=0015
   sint2fs:R_CSEG=C:10E0, size=000D
   slong2fs:R_CSEG=C:19C4, size=002D
   strlen:R_CSEG=C:1A5F, size=0028
   uint2fs:R_CSEG=C:0EF0, size=000C
   ulong2fs:R_CSEG=C:1214, size=0013
   vprintf:R_CSEG=C:1072, size=0036
   vprintf:R_DSEG=D:0009, size=0001

Public symbols:
   _?lib?dseg?1_size=L:0015
   _?lib?dseg?1_start=L:000A
   _GetADC=C:0E94
   _MK2_StableStephane_R_DSEG_size=L:003C
   _MK2_StableStephane_R_DSEG_start=L:0024
   _PIDcalculation=C:07C4
   _PIDcalculation_PARM_2=D:0056
   _R_BSEG_size=L:0011
   _R_BSEG_start=L:0008
   _R_CONST_size=L:00C7
   _R_CONST_start=L:009F
   _R_CSEG_size=L:18BB
   _R_CSEG_start=L:01CC
   _R_DINIT_size=L:0065
   _R_DINIT_start=L:0166
   _R_GSINIT_size=L:0071
   _R_GSINIT_start=L:002E
   _R_HOME_size=L:0000
   _R_HOME_start=L:0000
   _R_ISEG_size=L:0006
   _R_ISEG_start=L:0000
   _R_IXSEG_size=L:0000
   _R_IXSEG_start=L:0000
   _R_OSEG_size=L:0004
   _R_OSEG_start=L:0060
   _R_PSEG_size=L:0000
   _R_PSEG_start=L:0000
   _R_XINIT_size=L:0000
   _R_XINIT_start=L:0000
   _R_XSEG_size=L:0000
   _R_XSEG_start=L:0000
   _SPIWrite=C:0E84
   ___fs2sint=C:0EFC
   ___fs2slong=C:1227
   ___fs2uchar=C:120C
   ___fs2ulong=C:19F1
   ___fsadd=C:1019
   ___fsdiv=C:10ED
   ___fsmul=C:0F59
   ___sint2fs=C:10E0
   ___slong2fs=C:19C4
   ___uint2fs=C:0EF0
   ___ulong2fs=C:1214
   __c51_external_startup=C:01CC
   __divsint=C:10A8
   __divsint_PARM_2=D:0060
   __divuint=C:0F30
   __divuint_PARM_2=D:0060
   __gptrget=C:1A2A
   __gptrput=C:1A46
   __gptrput_PARM_2=D:0060
   __mulint=C:0FFC
   __mulint_PARM_2=D:0060
   __mulint_dummy=C:0FFC
   __print_format=C:1418
   __print_format_PARM_2=D:0018
   __print_format_PARM_3=D:001B
   _angPosition=D:0024
   _angSetPoint=D:002C
   _angerror=D:0030
   _angular_pwm=D:0048
   _bp=D:0008
   _bp_R_DSEG_size=L:0001
   _bp_R_DSEG_start=L:0008
   _count=D:004C
   _crt0=C:002E
   _dErr=D:0044
   _decode=C:0A8C
   _dummy_name_crt0=C:10E0
   _errSum=D:0042
   _error=D:0034
   _fivePointMovingAvg=C:0A03
   _it_timer2=C:023A
   _kd=D:0052
   _ki=D:004E
   _linSetPoint=D:002E
   _linearOverflowCount=C:0768
   _linear_pwm=D:004A
   _linerror=D:0032
   _linposition=D:002A
   _main=C:0586
   _manualMotorPos=D:0028
   _overflow=B:0008
   _past5=D:0038
   _prevError=D:0036
   _prevangPosition=D:0026
   _printf=C:1087
   _putchar=C:19AF
   _pwm_temp=D:0046
   _readBits=C:0B53
   _resetHCTL=C:09E9
   _stack_start=L:006A
   _strlen=C:1A5F
   _underflow=B:0009
   _vprintf=C:1075
   _vprintf_PARM_2=D:0009
   _vprintf_R_DSEG_size=L:0001
   _vprintf_R_DSEG_start=L:0009
   _waitms=C:0E76
   fs2ulong_begin=C:19F3
   fs_direct_return=C:12AB
   fs_normalize_a=C:12D1
   fs_return_inf=C:12B9
   fs_return_nan=C:12C6
   fs_return_zero=C:12A3
   fs_round_and_return=C:1282
   fs_rshift_a=C:134C
   fs_swap_a_b=C:1332
   fs_zerocheck_return=C:129A
   fsadd_direct_entry=C:101C
   fsgetarg=C:1A18
   fsgetargs=C:1304
   slong2fs_doit=C:19CD
   ulong2fs_doit=C:121D

Local symbols:
   MK2_StableStephane:L004001?=C:05C8
   MK2_StableStephane:L004003?=C:05D0
   MK2_StableStephane:L004007?=C:0673
   MK2_StableStephane:L004016?=C:0750
   MK2_StableStephane:L005002?=C:0785
   MK2_StableStephane:L005004?=C:0787
   MK2_StableStephane:L005006?=C:07A2
   MK2_StableStephane:L005008?=C:07A4
   MK2_StableStephane:L005012?=C:07B6
   MK2_StableStephane:L005014?=C:07C3
   MK2_StableStephane:L005026?=C:07A2
   MK2_StableStephane:L006002?=C:07EF
   MK2_StableStephane:L006004?=C:0814
   MK2_StableStephane:L006008?=C:09C8
   MK2_StableStephane:L006009?=C:09D7
   MK2_StableStephane:L006016?=C:07D5
   MK2_StableStephane:L006017?=C:07D7
   MK2_StableStephane:L006018?=C:07FA
   MK2_StableStephane:L006019?=C:07FC
   MK2_StableStephane:L007004?=C:09F8
   MK2_StableStephane:L007006?=C:0A02
   MK2_StableStephane:L008001?=C:0A11
   MK2_StableStephane:L008004?=C:0A47
   MK2_StableStephane:L008005?=C:0A51
   MK2_StableStephane:L008008?=C:0A7F
   MK2_StableStephane:L008018?=C:0A45
   MK2_StableStephane:L008020?=C:0A7D
   MK2_StableStephane:L009004?=C:0A9F
   MK2_StableStephane:L009005?=C:0AA7
   MK2_StableStephane:L009009?=C:0AB2
   MK2_StableStephane:L009010?=C:0ABA
   MK2_StableStephane:L009014?=C:0B29
   MK2_StableStephane:L009015?=C:0B31
   MK2_StableStephane:L009024?=C:0A98
   MK2_StableStephane:L010008?=C:0CF1
   MK2_StableStephane:L010010?=C:0B70
   MK2_StableStephane:L010012?=C:0E71
   MK2_StableStephane:L010021?=C:0B65
   MK2_StableStephane:L010023?=C:0B6F
   MK2_StableStephane:L010025?=C:0B76
   MK2_StableStephane:L010026?=C:0B7D
   MK2_StableStephane:L010027?=C:0CE9
   MK2_StableStephane:L010028?=C:0CEC
   MK2_StableStephane:L010029?=C:0CF7
   MK2_StableStephane:L010030?=C:0E65
   MK2_StableStephane:L010031?=C:0E6A
   MK2_StableStephane:L012001?=C:0E8B
   MK2_StableStephane:L013003?=C:0EAD
   MK2_StableStephane:L013009?=C:0EB2
   MK2_StableStephane:L1=C:0E7C
   MK2_StableStephane:L2=C:0E7A
   MK2_StableStephane:L3=C:0E78
   MK2_StableStephane:_PIDcalculation_error_1_85=D:0058
   MK2_StableStephane:_PIDcalculation_sloc0_1_0=D:005A
   MK2_StableStephane:__str_0=C:009F
   MK2_StableStephane:__str_10=C:013B
   MK2_StableStephane:__str_11=C:0151
   MK2_StableStephane:__str_1=C:00A8
   MK2_StableStephane:__str_2=C:00AF
   MK2_StableStephane:__str_3=C:00B7
   MK2_StableStephane:__str_4=C:00C4
   MK2_StableStephane:__str_5=C:00C9
   MK2_StableStephane:__str_6=C:00DF
   MK2_StableStephane:__str_7=C:00F5
   MK2_StableStephane:__str_8=C:010C
   MK2_StableStephane:__str_9=C:0124
   MK2_StableStephane:_fivePointMovingAvg_prevError_1_93=D:005E
   MK2_StableStephane:_readBits_sloc0_1_0=D:0060
   MK2_StableStephane:_readBits_stable_1_98=B:000A
   MK2_StableStephane:b0=D:0020
   MK2_StableStephane:b1=D:0020
   MK2_StableStephane:b2=D:0020
   MK2_StableStephane:b3=D:0020
   MK2_StableStephane:b4=D:0020
   MK2_StableStephane:b5=D:0020
   MK2_StableStephane:b6=D:0020
   MK2_StableStephane:b7=D:0020
   MK2_StableStephane:bits=D:0020
   crt0:PClearLoop?done?=C:0097
   crt0:PClearLoop?repeat?=C:0089
   crt0:XClearLoop?done?=C:007F
   crt0:XClearLoop?repeat?=C:0071
   crt0:XInitLoop?done?=C:0067
   crt0:XInitLoop?repeat?=C:0047
   crt0:__c51_init_data=C:003B
   crt0:__c51_program_startup=C:009A
   crt0:forever?home?=C:009D
   divsint:__divsint_dummy=C:10A8
   divsint:a_not_negative=C:10BC
   divsint:b_not_negative=C:10CE
   divsint:not_negative=C:10DF
   divuint:__divuint_dummy=C:0F30
   divuint:loop=C:0F35
   divuint:smaller=C:0F56
   fs2sint:_dummy=C:0EFC
   fs2sint:fs2sint_clr_a=C:0F0A
   fs2sint:fs2sint_maxval_neg=C:0F1C
   fs2sint:fs2sint_maxval_pos=C:0F2C
   fs2sint:fs2sint_neg=C:0F0E
   fs2sint:fs2sint_not_zero=C:0F0B
   fs2sint:fs2sint_pos=C:0F20
   fs2slong:_dummy=C:1227
   fs2slong:fs2slong_clr_a=C:125A
   fs2slong:fs2slong_int_ok=C:1231
   fs2slong:fs2slong_maxval=C:126A
   fs2slong:fs2slong_maxval_neg=C:126D
   fs2slong:fs2slong_maxval_pos=C:1277
   fs2slong:fs2slong_neg=C:1239
   fs2slong:fs2slong_not_zero=C:125B
   fs2slong:fs2slong_pos=C:125F
   fs2uchar:_dummy=C:120C
   fs2ulong:_dummy=C:19F1
   fs2ulong:fs2ulong_done=C:1A10
   fs2ulong:fs2ulong_int=C:19FC
   fs2ulong:fs2ulong_int_ok=C:1A0B
   fsadd:L00005?=C:1025
   fsadd:L00010?=C:102A
   fsadd:L00011?=C:1032
   fsadd:L00020?=C:103A
   fsadd:L00021?=C:104E
   fsadd:L00022?=C:1051
   fsadd:L00025?=C:106C
   fsadd:_dummy=C:1019
   fsdiv:L00001?=C:10F5
   fsdiv:L00002?=C:10FE
   fsdiv:L00003?=C:1101
   fsdiv:L00004?=C:1107
   fsdiv:L00005?=C:1114
   fsdiv:L00006?=C:1117
   fsdiv:L00007?=C:111F
   fsdiv:L00008?=C:112B
   fsdiv:L00009?=C:1133
   fsdiv:L00010?=C:1149
   fsdiv:L00011?=C:1199
   fsdiv:L00012?=C:11AC
   fsdiv:L00013?=C:11FB
   fsdiv:L00014?=C:1209
   fsdiv:_dummy=C:10ED
   fsdiv:saved_b=D:0063
   fsdiv:saved_r5=D:0060
   fsdiv:saved_r6=D:0061
   fsdiv:saved_r7=D:0062
   fsget1arg:L00001?=C:1A25
   fsget1arg:_dummy=C:1A18
   fsget2args:L00001?=C:1311
   fsget2args:L00002?=C:132D
   fsget2args:_dummy=C:1304
   fsmul:L00001?=C:0F5F
   fsmul:L00002?=C:0F62
   fsmul:L00003?=C:0F6A
   fsmul:L00004?=C:0F72
   fsmul:L00005?=C:0F7A
   fsmul:L00006?=C:0F85
   fsmul:L00007?=C:0F8D
   fsmul:L00010?=C:0FF9
   fsmul:_dummy=C:0F59
   fsnormalize:L00001?=C:12D4
   fsnormalize:L00002?=C:12E6
   fsnormalize:L00003?=C:12E7
   fsnormalize:L00004?=C:12EB
   fsnormalize:L00005?=C:12F2
   fsnormalize:L00006?=C:1301
   fsnormalize:_dummy=C:12D1
   fsreturnval:L00001?=C:1288
   fsreturnval:_dummy=C:1282
   fsrshift:L00001?=C:1355
   fsrshift:L00003?=C:137A
   fsrshift:L00005?=C:137F
   fsrshift:L00020?=C:138E
   fsrshift:_dummy=C:134C
   fsswapargs:_dummy=C:1332
   gptrget:codeptr?=C:1A41
   gptrget:dataptrrestore?=C:1A38
   gptrget:pdataptr?=C:1A3E
   gptrget:xdataptr?=C:1A44
   gptrput:codeptr?=C:1A59
   gptrput:dataptrrestore?=C:1A54
   gptrput:pdataptr?=C:1A5A
   gptrput:xdataptr?=C:1A5D
   print_format:L002003?=C:13A0
   print_format:L002004?=C:13A8
   print_format:L003004?=C:13BD
   print_format:L005003?=C:13E6
   print_format:L005004?=C:140A
   print_format:L006001?=C:1472
   print_format:L006003?=C:1491
   print_format:L006007?=C:14B7
   print_format:L006010?=C:14C6
   print_format:L006015?=C:14D3
   print_format:L006017?=C:14E8
   print_format:L006018?=C:14EA
   print_format:L006020?=C:155A
   print_format:L006021?=C:155F
   print_format:L006022?=C:1564
   print_format:L006023?=C:1569
   print_format:L006024?=C:156E
   print_format:L006025?=C:1573
   print_format:L006026?=C:1578
   print_format:L006028?=C:158B
   print_format:L006031?=C:15AB
   print_format:L006034?=C:159D
   print_format:L006036?=C:15BD
   print_format:L006038?=C:15CA
   print_format:L006039?=C:15D9
   print_format:L006040?=C:15E1
   print_format:L006042?=C:160F
   print_format:L006043?=C:1620
   print_format:L006050?=C:162F
   print_format:L006052?=C:1668
   print_format:L006053?=C:167F
   print_format:L006059?=C:1691
   print_format:L006061?=C:16C3
   print_format:L006064?=C:16BB
   print_format:L006067?=C:16B2
   print_format:L006068?=C:16C5
   print_format:L006070?=C:16F0
   print_format:L006073?=C:16F8
   print_format:L006074?=C:16FF
   print_format:L006075?=C:1704
   print_format:L006076?=C:1709
   print_format:L006077?=C:170E
   print_format:L006078?=C:1712
   print_format:L006079?=C:1716
   print_format:L006080?=C:171A
   print_format:L006081?=C:1744
   print_format:L006082?=C:1749
   print_format:L006083?=C:1778
   print_format:L006091?=C:1805
   print_format:L006094?=C:17E3
   print_format:L006095?=C:182F
   print_format:L006097?=C:186B
   print_format:L006102?=C:184D
   print_format:L006105?=C:1875
   print_format:L006108?=C:189B
   print_format:L006111?=C:189D
   print_format:L006113?=C:18BE
   print_format:L006114?=C:18C0
   print_format:L006115?=C:18A4
   print_format:L006119?=C:18D7
   print_format:L006120?=C:18DD
   print_format:L006124?=C:18F4
   print_format:L006129?=C:191A
   print_format:L006134?=C:1905
   print_format:L006135?=C:1929
   print_format:L006136?=C:192C
   print_format:L006140?=C:195A
   print_format:L006143?=C:194A
   print_format:L006146?=C:1975
   print_format:L006147?=C:197C
   print_format:L006148?=C:195F
   print_format:L006150?=C:1988
   print_format:L006151?=C:198E
   print_format:L006158?=C:1752
   print_format:L006159?=C:17AC
   print_format:L006164?=C:19A0
   print_format:L006166?=C:1423
   print_format:L006168?=C:19A8
   print_format:L006171?=C:193D
   print_format:L006172?=C:193F
   print_format:L006259?=C:195D
   print_format:L006264?=C:1445
   print_format:L006265?=C:144A
   print_format:L006266?=C:144D
   print_format:L006269?=C:1496
   print_format:L006279?=C:14D8
   print_format:L006282?=C:14EF
   print_format:L006283?=C:14F5
   print_format:L006284?=C:14FB
   print_format:L006285?=C:1500
   print_format:L006286?=C:1505
   print_format:L006287?=C:150A
   print_format:L006288?=C:1510
   print_format:L006289?=C:1516
   print_format:L006290?=C:151C
   print_format:L006291?=C:1522
   print_format:L006292?=C:1528
   print_format:L006293?=C:152E
   print_format:L006294?=C:1533
   print_format:L006295?=C:1539
   print_format:L006296?=C:153F
   print_format:L006297?=C:1545
   print_format:L006298?=C:154B
   print_format:L006299?=C:1551
   print_format:L006300?=C:1557
   print_format:L006313?=C:1660
   print_format:L006314?=C:166E
   print_format:L006315?=C:1678
   print_format:L006316?=C:1689
   print_format:L006320?=C:16E5
   print_format:L006321?=C:16EA
   print_format:L006325?=C:17A5
   print_format:L006326?=C:17B3
   print_format:L006356?=C:198E
   print_format:L006357?=C:1998
   print_format:__output_char=C:138F
   print_format:__print_format_sloc0_1_0=D:001C
   print_format:__print_format_store_4_104=I:0064
   print_format:__str_0=C:015B
   print_format:_calculate_digit=C:13D9
   print_format:_char_argument=B:0014
   print_format:_charsOutputted=D:0011
   print_format:_decimals=D:0015
   print_format:_e_argument=B:000D
   print_format:_f_argument=B:000C
   print_format:_fflag=B:0018
   print_format:_g_argument=B:000E
   print_format:_i=D:0017
   print_format:_left_justify=B:000F
   print_format:_length=D:0016
   print_format:_long_argument=B:0015
   print_format:_lower_case=B:000B
   print_format:_lsd=B:0017
   print_format:_output_2digits=C:13C2
   print_format:_output_char=D:000A
   print_format:_output_digit=C:13A9
   print_format:_pound_argument=B:0016
   print_format:_prefix_sign=B:0011
   print_format:_prefix_space=B:0012
   print_format:_radix=D:0013
   print_format:_signed_argument=B:0013
   print_format:_value=D:000C
   print_format:_width=D:0014
   print_format:_zero_padding=B:0010
   putchar:L002001?=C:19B4
   putchar:L002006?=C:19BC
   putchar:L002017?=C:19B9
   putchar:L002018?=C:19C1
   sint2fs:_dummy=C:10E0
   slong2fs:_dummy=C:19C4
   slong2fs:slong2fs_positive=C:19EB
   strlen:L002001?=C:1A69
   strlen:L002003?=C:1A82
   uint2fs:_dummy=C:0EF0
   ulong2fs:_dummy=C:1214
   ulong2fs:long2fs_doit=C:121F
   vprintf:_put_char_to_stdout=C:1072
